// Jest Snapshot v1, https://goo.gl/fbAQLP

exports[`HeaderLogo Component should be defined 1`] = `
<View
  style={
    Object {
      "alignItems": "center",
      "backgroundColor": "#F4F7BE",
      "borderBottomColor": "#f2f2f2",
      "borderBottomWidth": 0.5,
      "elevation": 2,
      "flexDirection": "row",
      "height": 80,
      "justifyContent": "space-between",
      "paddingHorizontal": 10,
      "paddingTop": 20,
      "shadowColor": "#000",
      "shadowOffset": Object {
        "height": 1,
        "width": 0,
      },
      "shadowOpacity": 0.2,
      "shadowRadius": 1.41,
    }
  }
  testID="headerContainer"
>
  <View
    style={
      Object {
        "alignItems": "flex-start",
        "flex": 1,
      }
    }
  />
  <View
    style={
      Object {
        "alignItems": "center",
        "flex": 3,
      }
    }
  >
    <Image
      source={
        Object {
          "uri": "https://trello-attachments.s3.amazonaws.com/5fc4dc9893cb2246bcf25278/5fc4dc9993cb2246bcf252be/ca038c621dfdfd3d99016baa3a91b008/big-horizontal-logo.png",
        }
      }
      style={
        Object {
          "height": 35,
          "width": 200,
        }
      }
    />
  </View>
  <View
    style={
      Object {
        "alignItems": "flex-end",
        "flex": 1,
      }
    }
  >
    <View
      accessible={true}
      focusable={true}
      onClick={[Function]}
      onResponderGrant={[Function]}
      onResponderMove={[Function]}
      onResponderRelease={[Function]}
      onResponderTerminate={[Function]}
      onResponderTerminationRequest={[Function]}
      onStartShouldSetResponder={[Function]}
      style={
        Object {
          "opacity": 1,
        }
      }
    >
      <Image
        source={
          Object {
            "uri": "https://cdn2.iconfinder.com/data/icons/picons-essentials/57/logout-512.png",
          }
        }
        style={
          Object {
            "height": 30,
            "marginTop": 5,
            "padding": 0,
            "width": 30,
          }
        }
      />
    </View>
  </View>
</View>
`;
